error: you can't do that
     ╭─[fetch.go:9:0]
     │ 
   7 │ 
   8 │ func fetch(id int) (string, error) {
   9 │     if id < 0 {
  10 │         return "", errors.New("negative id")
  11 │     }
  12 │ 
  13 │     return "item-" + strconv.Itoa(id), nil
     │ 
     · this whole block is wrong
     │ 
     ╰─
